22 group(s), cap 1800s each
  (0 already decided in cell_46_3_n63_all.json, skipping those)
  Z_63 : <2,4,5,8,10,11,13,16,17,19,20,22,23,25,26,29,31,32,34,37,38,40,41,43,44,46,47,50,52,53,55,58,59,61,62> order 2268: 29 vars, 14384 clauses (2326.8x collapse from 595665 cliques), built 168.9s
    NOTE: 4 orbit(s) carry a unit clause -- a constraint, NOT a proof that the class is empty
    no Z_63 : <2,4,5,8,10,11,13,16,17,19,20,22,23,25,26,29,31,32,34,37,38,40,41,43,44,46,47,50,52,53,55,58,59,61,62> order 2268-invariant witness at n=63 (a null for THIS class only) (0.1s)
  Z_63 : <4,5,16,17,20,22,25,26,37,38,41,43,46,47,58,59,62> order 1134: 49 vars, 54060 clauses (1073.3x collapse from 595665 cliques), built 24.0s
    NOTE: 3 orbit(s) carry a unit clause -- a constraint, NOT a proof that the class is empty
    no Z_63 : <4,5,16,17,20,22,25,26,37,38,41,43,46,47,58,59,62> order 1134-invariant witness at n=63 (a null for THIS class only) (0.0s)
  Z_63 : <2,4,8,11,16,22,23,25,29,32,37,43,44,46,50,53,58> order 1134: 50 vars, 54785 clauses (1109.2x collapse from 595665 cliques), built 23.6s
    NOTE: 1 orbit(s) carry a unit clause -- a constraint, NOT a proof that the class is empty
    no Z_63 : <2,4,8,11,16,22,23,25,29,32,37,43,44,46,50,53,58> order 1134-invariant witness at n=63 (a null for THIS class only) (0.0s)
  Z_63 : <4,10,13,16,19,22,25,31,34,37,40,43,46,52,55,58,61> order 1134: 50 vars, 54877 clauses (1083.0x collapse from 595665 cliques), built 23.5s
    no Z_63 : <4,10,13,16,19,22,25,31,34,37,40,43,46,52,55,58,61> order 1134-invariant witness at n=63 (a null for THIS class only) (0.0s)
  Z_63 : <2,4,8,16,31,32,47,55,59,61,62> order 756: 63 vars, 90594 clauses (702.4x collapse from 595665 cliques), built 24.8s
    NOTE: 5 orbit(s) carry a unit clause -- a constraint, NOT a proof that the class is empty
    no Z_63 : <2,4,8,16,31,32,47,55,59,61,62> order 756-invariant witness at n=63 (a null for THIS class only) (0.1s)
  Z_63 : <5,8,11,23,25,38,40,52,55,58,62> order 756: 63 vars, 90595 clauses (702.4x collapse from 595665 cliques), built 24.3s
    NOTE: 5 orbit(s) carry a unit clause -- a constraint, NOT a proof that the class is empty
    no Z_63 : <5,8,11,23,25,38,40,52,55,58,62> order 756-invariant witness at n=63 (a null for THIS class only) (0.1s)
  Z_63 : <8,10,17,19,26,37,44,46,53,55,62> order 756: 67 vars, 88782 clauses (709.1x collapse from 595665 cliques), built 24.5s
    NOTE: 4 orbit(s) carry a unit clause -- a constraint, NOT a proof that the class is empty
    no Z_63 : <8,10,17,19,26,37,44,46,53,55,62> order 756-invariant witness at n=63 (a null for THIS class only) (0.1s)
  Z_63 : <8,13,20,22,29,34,41,43,50,55,62> order 756: 77 vars, 85915 clauses (671.6x collapse from 595665 cliques), built 24.0s
    NOTE: 10 orbit(s) carry a unit clause -- a constraint, NOT a proof that the class is empty
    no Z_63 : <8,13,20,22,29,34,41,43,50,55,62> order 756-invariant witness at n=63 (a null for THIS class only) (0.1s)
  Z_63 : <4,16,22,25,37,43,46,58> order 567: 91 vars, 120080 clauses (536.2x collapse from 595665 cliques), built 25.4s
    no Z_63 : <4,16,22,25,37,43,46,58> order 567-invariant witness at n=63 (a null for THIS class only) (0.2s)
  Z_63 : <4,16,47,59,62> order 378: 113 vars, 181516 clauses (360.6x collapse from 595665 cliques), built 26.5s
    NOTE: 1 orbit(s) carry a unit clause -- a constraint, NOT a proof that the class is empty
    no Z_63 : <4,16,47,59,62> order 378-invariant witness at n=63 (a null for THIS class only) (11.2s)
  Z_63 : <5,25,38,58,62> order 378: 113 vars, 181504 clauses (360.6x collapse from 595665 cliques), built 26.6s
    NOTE: 1 orbit(s) carry a unit clause -- a constraint, NOT a proof that the class is empty
    no Z_63 : <5,25,38,58,62> order 378-invariant witness at n=63 (a null for THIS class only) (20.3s)
  Z_63 : <2,4,8,16,32> order 378: 114 vars, 181383 clauses (371.1x collapse from 595665 cliques), built 27.5s
    NOTE: 1 orbit(s) carry a unit clause -- a constraint, NOT a proof that the class is empty
    WITNESS at n=63 in 10.6s, verified on the full 39711-bit colouring => R(4,6;3) >= 64
    witness written to witness_46_3_n63.json
  Z_63 : <4,16,31,55,61> order 378: 114 vars, 181445 clauses (371.4x collapse from 595665 cliques), built 32.6s
    WITNESS at n=63 in 363.6s, verified on the full 39711-bit colouring => R(4,6;3) >= 64
    witness written to witness_46_3_n63.json
  Z_63 : <8,11,23,25,58> order 378: 114 vars, 181383 clauses (371.1x collapse from 595665 cliques), built 30.3s
    NOTE: 1 orbit(s) carry a unit clause -- a constraint, NOT a proof that the class is empty
    WITNESS at n=63 in 143.6s, verified on the full 39711-bit colouring => R(4,6;3) >= 64
    witness written to witness_46_3_n63.json
  Z_63 : <25,40,52,55,58> order 378: 114 vars, 181442 clauses (371.4x collapse from 595665 cliques), built 29.0s
    WITNESS at n=63 in 102.0s, verified on the full 39711-bit colouring => R(4,6;3) >= 64
    witness written to witness_46_3_n63.json
  Z_63 : <17,26,37,46,62> order 378: 117 vars, 180902 clauses (359.1x collapse from 595665 cliques), built 28.3s
    no Z_63 : <17,26,37,46,62> order 378-invariant witness at n=63 (a null for THIS class only) (3.5s)
  Z_63 : <8,37,44,46,53> order 378: 118 vars, 180878 clauses (370.2x collapse from 595665 cliques), built 28.9s
    WITNESS at n=63 in 151.3s, verified on the full 39711-bit colouring => R(4,6;3) >= 64
    witness written to witness_46_3_n63.json
  Z_63 : <10,19,37,46,55> order 378: 120 vars, 180975 clauses (369.7x collapse from 595665 cliques), built 29.5s
    WITNESS at n=63 in 1.6s, verified on the full 39711-bit colouring => R(4,6;3) >= 64
    witness written to witness_46_3_n63.json
  Z_63 : <20,22,41,43,62> order 378: 135 vars, 179488 clauses (339.4x collapse from 595665 cliques), built 27.4s
    NOTE: 7 orbit(s) carry a unit clause -- a constraint, NOT a proof that the class is empty
    no Z_63 : <20,22,41,43,62> order 378-invariant witness at n=63 (a null for THIS class only) (0.2s)
  Z_63 : <8,22,29,43,50> order 378: 136 vars, 180367 clauses (351.8x collapse from 595665 cliques), built 29.5s
    NOTE: 1 orbit(s) carry a unit clause -- a constraint, NOT a proof that the class is empty
    no Z_63 : <8,22,29,43,50> order 378-invariant witness at n=63 (a null for THIS class only) (0.4s)
  Z_63 : <13,22,34,43,55> order 378: 136 vars, 180747 clauses (350.6x collapse from 595665 cliques), built 29.0s
  Z_63 : <13,22,34,43,55> order 378: TIMEOUT after 1800.0s (cap 1800s) [outer process cap] -- a null under this budget, not a verdict.
  Z_63 : <8,55,62> order 252: 183 vars, 273207 clauses (233.0x collapse from 595665 cliques), built 32.1s
    NOTE: 12 orbit(s) carry a unit clause -- a constraint, NOT a proof that the class is empty
    no Z_63 : <8,55,62> order 252-invariant witness at n=63 (a null for THIS class only) (0.5s)
[
 {
  "name": "Z_63 : <2,4,5,8,10,11,13,16,17,19,20,22,23,25,26,29,31,32,34,37,38,40,41,43,44,46,47,50,52,53,55,58,59,61,62> order 2268",
  "status": "UNSAT",
  "solve_s": 0.13,
  "vars": 29,
  "clauses": 14384
 },
 {
  "name": "Z_63 : <4,5,16,17,20,22,25,26,37,38,41,43,46,47,58,59,62> order 1134",
  "status": "UNSAT",
  "solve_s": 0.04,
  "vars": 49,
  "clauses": 54060
 },
 {
  "name": "Z_63 : <2,4,8,11,16,22,23,25,29,32,37,43,44,46,50,53,58> order 1134",
  "status": "UNSAT",
  "solve_s": 0.04,
  "vars": 50,
  "clauses": 54785
 },
 {
  "name": "Z_63 : <4,10,13,16,19,22,25,31,34,37,40,43,46,52,55,58,61> order 1134",
  "status": "UNSAT",
  "solve_s": 0.05,
  "vars": 50,
  "clauses": 54877
 },
 {
  "name": "Z_63 : <2,4,8,16,31,32,47,55,59,61,62> order 756",
  "status": "UNSAT",
  "solve_s": 0.07,
  "vars": 63,
  "clauses": 90594
 },
 {
  "name": "Z_63 : <5,8,11,23,25,38,40,52,55,58,62> order 756",
  "status": "UNSAT",
  "solve_s": 0.08,
  "vars": 63,
  "clauses": 90595
 },
 {
  "name": "Z_63 : <8,10,17,19,26,37,44,46,53,55,62> order 756",
  "status": "UNSAT",
  "solve_s": 0.07,
  "vars": 67,
  "clauses": 88782
 },
 {
  "name": "Z_63 : <8,13,20,22,29,34,41,43,50,55,62> order 756",
  "status": "UNSAT",
  "solve_s": 0.07,
  "vars": 77,
  "clauses": 85915
 },
 {
  "name": "Z_63 : <4,16,22,25,37,43,46,58> order 567",
  "status": "UNSAT",
  "solve_s": 0.21,
  "vars": 91,
  "clauses": 120080
 },
 {
  "name": "Z_63 : <4,16,47,59,62> order 378",
  "status": "UNSAT",
  "solve_s": 11.22,
  "vars": 113,
  "clauses": 181516
 },
 {
  "name": "Z_63 : <5,25,38,58,62> order 378",
  "status": "UNSAT",
  "solve_s": 20.33,
  "vars": 113,
  "clauses": 181504
 },
 {
  "name": "Z_63 : <2,4,8,16,32> order 378",
  "status": "SAT",
  "solve_s": 10.62,
  "vars": 114,
  "clauses": 181383
 },
 {
  "name": "Z_63 : <4,16,31,55,61> order 378",
  "status": "SAT",
  "solve_s": 363.56,
  "vars": 114,
  "clauses": 181445
 },
 {
  "name": "Z_63 : <8,11,23,25,58> order 378",
  "status": "SAT",
  "solve_s": 143.57,
  "vars": 114,
  "clauses": 181383
 },
 {
  "name": "Z_63 : <25,40,52,55,58> order 378",
  "status": "SAT",
  "solve_s": 102.01,
  "vars": 114,
  "clauses": 181442
 },
 {
  "name": "Z_63 : <17,26,37,46,62> order 378",
  "status": "UNSAT",
  "solve_s": 3.55,
  "vars": 117,
  "clauses": 180902
 },
 {
  "name": "Z_63 : <8,37,44,46,53> order 378",
  "status": "SAT",
  "solve_s": 151.3,
  "vars": 118,
  "clauses": 180878
 },
 {
  "name": "Z_63 : <10,19,37,46,55> order 378",
  "status": "SAT",
  "solve_s": 1.56,
  "vars": 120,
  "clauses": 180975
 },
 {
  "name": "Z_63 : <20,22,41,43,62> order 378",
  "status": "UNSAT",
  "solve_s": 0.17,
  "vars": 135,
  "clauses": 179488
 },
 {
  "name": "Z_63 : <8,22,29,43,50> order 378",
  "status": "UNSAT",
  "solve_s": 0.36,
  "vars": 136,
  "clauses": 180367
 },
 {
  "name": "Z_63 : <13,22,34,43,55> order 378",
  "status": "TIMEOUT",
  "solve_s": 1800.0,
  "vars": null,
  "clauses": null
 },
 {
  "name": "Z_63 : <8,55,62> order 252",
  "status": "UNSAT",
  "solve_s": 0.53,
  "vars": 183,
  "clauses": 273207
 }
]

*** SAT: ['Z_63 : <2,4,8,16,32> order 378', 'Z_63 : <4,16,31,55,61> order 378', 'Z_63 : <8,11,23,25,58> order 378', 'Z_63 : <25,40,52,55,58> order 378', 'Z_63 : <8,37,44,46,53> order 378', 'Z_63 : <10,19,37,46,55> order 378'] ***
